
Start-Date: 2026-03-22  14:07:47
Commandline: apt-get install --reinstall adduser
Reinstall: adduser:amd64 (3.118ubuntu5)
End-Date: 2026-03-22  14:07:49

Start-Date: 2026-03-22  14:07:52
Commandline: apt-get install --reinstall apt
Reinstall: apt:amd64 (2.4.5)
End-Date: 2026-03-22  14:07:54

Start-Date: 2026-03-22  14:07:57
Commandline: apt-get install --reinstall base-files
Reinstall: base-files:amd64 (12ubuntu4)
End-Date: 2026-03-22  14:07:58

Start-Date: 2026-03-22  14:08:01
Commandline: apt-get install --reinstall base-passwd
Reinstall: base-passwd:amd64 (3.5.52build1)
End-Date: 2026-03-22  14:08:02

Start-Date: 2026-03-22  14:08:06
Commandline: apt-get install --reinstall bash
Reinstall: bash:amd64 (5.1-6ubuntu1)
End-Date: 2026-03-22  14:08:07

Start-Date: 2026-03-22  14:08:10
Commandline: apt-get install --reinstall bsdutils
Reinstall: bsdutils:amd64 (1:2.37.2-4ubuntu3)
End-Date: 2026-03-22  14:08:11

Start-Date: 2026-03-22  14:08:15
Commandline: apt-get install --reinstall coreutils
Reinstall: coreutils:amd64 (8.32-4.1ubuntu1)
End-Date: 2026-03-22  14:08:17

Start-Date: 2026-03-22  14:08:19
Commandline: apt-get install --reinstall dash
Reinstall: dash:amd64 (0.5.11+git20210903+057cd650a4ed-3build1)
End-Date: 2026-03-22  14:08:21

Start-Date: 2026-03-22  14:08:23
Commandline: apt-get install --reinstall debconf
Reinstall: debconf:amd64 (1.5.79ubuntu1)
End-Date: 2026-03-22  14:08:25

Start-Date: 2026-03-22  14:08:27
Commandline: apt-get install --reinstall debianutils
Reinstall: debianutils:amd64 (5.5-1ubuntu2)
End-Date: 2026-03-22  14:08:29

Start-Date: 2026-03-22  14:08:32
Commandline: apt-get install --reinstall diffutils
Reinstall: diffutils:amd64 (1:3.8-0ubuntu2)
End-Date: 2026-03-22  14:08:33

Start-Date: 2026-03-22  14:08:36
Commandline: apt-get install --reinstall dpkg
Reinstall: dpkg:amd64 (1.21.1ubuntu2)
End-Date: 2026-03-22  14:08:38

Start-Date: 2026-03-22  14:08:41
Commandline: apt-get install --reinstall e2fsprogs
Reinstall: e2fsprogs:amd64 (1.46.5-2ubuntu1)
End-Date: 2026-03-22  14:08:42

Start-Date: 2026-03-22  14:08:45
Commandline: apt-get install --reinstall findutils
Reinstall: findutils:amd64 (4.8.0-1ubuntu3)
End-Date: 2026-03-22  14:08:47

Start-Date: 2026-03-22  14:08:49
Commandline: apt-get install --reinstall gcc-12-base:amd64
Reinstall: gcc-12-base:amd64 (12-20220319-1ubuntu1)
End-Date: 2026-03-22  14:08:51

Start-Date: 2026-03-22  14:08:53
Commandline: apt-get install --reinstall gpgv
Reinstall: gpgv:amd64 (2.2.27-3ubuntu2)
End-Date: 2026-03-22  14:08:55

Start-Date: 2026-03-22  14:08:58
Commandline: apt-get install --reinstall grep
Reinstall: grep:amd64 (3.7-1build1)
End-Date: 2026-03-22  14:08:59

Start-Date: 2026-03-22  14:09:02
Commandline: apt-get install --reinstall gzip
Reinstall: gzip:amd64 (1.10-4ubuntu4)
End-Date: 2026-03-22  14:09:03

Start-Date: 2026-03-22  14:09:06
Commandline: apt-get install --reinstall hostname
Reinstall: hostname:amd64 (3.23ubuntu2)
End-Date: 2026-03-22  14:09:07

Start-Date: 2026-03-22  14:09:09
Commandline: apt-get install --reinstall init-system-helpers
Reinstall: init-system-helpers:amd64 (1.62)
End-Date: 2026-03-22  14:09:11

Start-Date: 2026-03-22  14:09:13
Commandline: apt-get install --reinstall libacl1:amd64
Reinstall: libacl1:amd64 (2.3.1-1)
End-Date: 2026-03-22  14:09:15

Start-Date: 2026-03-22  14:09:18
Commandline: apt-get install --reinstall libapt-pkg6.0:amd64
Reinstall: libapt-pkg6.0:amd64 (2.4.5)
End-Date: 2026-03-22  14:09:20

Start-Date: 2026-03-22  14:09:22
Commandline: apt-get install --reinstall libattr1:amd64
Reinstall: libattr1:amd64 (1:2.5.1-1build1)
End-Date: 2026-03-22  14:09:24

Start-Date: 2026-03-22  14:09:26
Commandline: apt-get install --reinstall libaudit-common
Reinstall: libaudit-common:amd64 (1:3.0.7-1build1)
End-Date: 2026-03-22  14:09:27

Start-Date: 2026-03-22  14:09:30
Commandline: apt-get install --reinstall libaudit1:amd64
Reinstall: libaudit1:amd64 (1:3.0.7-1build1)
End-Date: 2026-03-22  14:09:31

Start-Date: 2026-03-22  14:09:34
Commandline: apt-get install --reinstall libblkid1:amd64
Reinstall: libblkid1:amd64 (2.37.2-4ubuntu3)
End-Date: 2026-03-22  14:09:35

Start-Date: 2026-03-22  14:09:38
Commandline: apt-get install --reinstall libbz2-1.0:amd64
Reinstall: libbz2-1.0:amd64 (1.0.8-5build1)
End-Date: 2026-03-22  14:09:39

Start-Date: 2026-03-22  14:09:42
Commandline: apt-get install --reinstall libc-bin
Reinstall: libc-bin:amd64 (2.35-0ubuntu3)
End-Date: 2026-03-22  14:09:44

Start-Date: 2026-03-22  14:09:49
Commandline: apt-get install --reinstall libc6:amd64
Reinstall: libc6:amd64 (2.35-0ubuntu3)
End-Date: 2026-03-22  14:09:52

Start-Date: 2026-03-22  14:09:54
Commandline: apt-get install --reinstall libcap-ng0:amd64
Reinstall: libcap-ng0:amd64 (0.7.9-2.2build3)
End-Date: 2026-03-22  14:09:56

Start-Date: 2026-03-22  14:09:58
Commandline: apt-get install --reinstall libcap2:amd64
Reinstall: libcap2:amd64 (1:2.44-1build3)
End-Date: 2026-03-22  14:10:00

Start-Date: 2026-03-22  14:10:02
Commandline: apt-get install --reinstall libcom-err2:amd64
Reinstall: libcom-err2:amd64 (1.46.5-2ubuntu1)
End-Date: 2026-03-22  14:10:04

Start-Date: 2026-03-22  14:10:06
Commandline: apt-get install --reinstall libcrypt1:amd64
Reinstall: libcrypt1:amd64 (1:4.4.27-1)
End-Date: 2026-03-22  14:10:08

Start-Date: 2026-03-22  14:10:11
Commandline: apt-get install --reinstall libdb5.3:amd64
Reinstall: libdb5.3:amd64 (5.3.28+dfsg1-0.8ubuntu3)
End-Date: 2026-03-22  14:10:12

Start-Date: 2026-03-22  14:10:15
Commandline: apt-get install --reinstall libdebconfclient0:amd64
Reinstall: libdebconfclient0:amd64 (0.261ubuntu1)
End-Date: 2026-03-22  14:10:16

Start-Date: 2026-03-22  14:10:19
Commandline: apt-get install --reinstall libext2fs2:amd64
Reinstall: libext2fs2:amd64 (1.46.5-2ubuntu1)
End-Date: 2026-03-22  14:10:20

Start-Date: 2026-03-22  14:10:23
Commandline: apt-get install --reinstall libffi8:amd64
Reinstall: libffi8:amd64 (3.4.2-4)
End-Date: 2026-03-22  14:10:24

Start-Date: 2026-03-22  14:10:27
Commandline: apt-get install --reinstall libgcc-s1:amd64
Reinstall: libgcc-s1:amd64 (12-20220319-1ubuntu1)
End-Date: 2026-03-22  14:10:28

Start-Date: 2026-03-22  14:10:31
Commandline: apt-get install --reinstall libgcrypt20:amd64
Reinstall: libgcrypt20:amd64 (1.9.4-3ubuntu3)
End-Date: 2026-03-22  14:10:33

Start-Date: 2026-03-22  14:10:36
Commandline: apt-get install --reinstall libgmp10:amd64
Reinstall: libgmp10:amd64 (2:6.2.1+dfsg-3ubuntu1)
End-Date: 2026-03-22  14:10:37

Start-Date: 2026-03-22  14:10:41
Commandline: apt-get install --reinstall libgnutls30:amd64
Reinstall: libgnutls30:amd64 (3.7.3-4ubuntu1)
End-Date: 2026-03-22  14:10:43

Start-Date: 2026-03-22  14:10:45
Commandline: apt-get install --reinstall libgpg-error0:amd64
Reinstall: libgpg-error0:amd64 (1.43-3)
End-Date: 2026-03-22  14:10:47

Start-Date: 2026-03-22  14:10:49
Commandline: apt-get install --reinstall libgssapi-krb5-2:amd64
Reinstall: libgssapi-krb5-2:amd64 (1.19.2-2)
End-Date: 2026-03-22  14:10:51

Start-Date: 2026-03-22  14:10:53
Commandline: apt-get install --reinstall libhogweed6:amd64
Reinstall: libhogweed6:amd64 (3.7.3-1build2)
End-Date: 2026-03-22  14:10:55

Start-Date: 2026-03-22  14:10:58
Commandline: apt-get install --reinstall libidn2-0:amd64
Reinstall: libidn2-0:amd64 (2.3.2-2build1)
End-Date: 2026-03-22  14:10:59

Start-Date: 2026-03-22  14:11:02
Commandline: apt-get install --reinstall libk5crypto3:amd64
Reinstall: libk5crypto3:amd64 (1.19.2-2)
End-Date: 2026-03-22  14:11:03

Start-Date: 2026-03-22  14:11:06
Commandline: apt-get install --reinstall libkeyutils1:amd64
Reinstall: libkeyutils1:amd64 (1.6.1-2ubuntu3)
End-Date: 2026-03-22  14:11:07

Start-Date: 2026-03-22  14:11:10
Commandline: apt-get install --reinstall libkrb5-3:amd64
Reinstall: libkrb5-3:amd64 (1.19.2-2)
End-Date: 2026-03-22  14:11:12

Start-Date: 2026-03-22  14:11:14
Commandline: apt-get install --reinstall libkrb5support0:amd64
Reinstall: libkrb5support0:amd64 (1.19.2-2)
End-Date: 2026-03-22  14:11:16

Start-Date: 2026-03-22  14:11:18
Commandline: apt-get install --reinstall liblz4-1:amd64
Reinstall: liblz4-1:amd64 (1.9.3-2build2)
End-Date: 2026-03-22  14:11:20

Start-Date: 2026-03-22  14:11:23
Commandline: apt-get install --reinstall liblzma5:amd64
Reinstall: liblzma5:amd64 (5.2.5-2ubuntu1)
End-Date: 2026-03-22  14:11:24

Start-Date: 2026-03-22  14:11:27
Commandline: apt-get install --reinstall libmount1:amd64
Reinstall: libmount1:amd64 (2.37.2-4ubuntu3)
End-Date: 2026-03-22  14:11:28

Start-Date: 2026-03-22  14:11:31
Commandline: apt-get install --reinstall libncurses6:amd64
Reinstall: libncurses6:amd64 (6.3-2)
End-Date: 2026-03-22  14:11:32

Start-Date: 2026-03-22  14:11:35
Commandline: apt-get install --reinstall libncursesw6:amd64
Reinstall: libncursesw6:amd64 (6.3-2)
End-Date: 2026-03-22  14:11:36

Start-Date: 2026-03-22  14:11:39
Commandline: apt-get install --reinstall libnettle8:amd64
Reinstall: libnettle8:amd64 (3.7.3-1build2)
End-Date: 2026-03-22  14:11:40

Start-Date: 2026-03-22  14:11:43
Commandline: apt-get install --reinstall libnsl2:amd64
Reinstall: libnsl2:amd64 (1.3.0-2build2)
End-Date: 2026-03-22  14:11:44

Start-Date: 2026-03-22  14:11:47
Commandline: apt-get install --reinstall libp11-kit0:amd64
Reinstall: libp11-kit0:amd64 (0.24.0-6build1)
End-Date: 2026-03-22  14:11:49

Start-Date: 2026-03-22  14:11:51
Commandline: apt-get install --reinstall libpam-modules:amd64
Reinstall: libpam-modules:amd64 (1.4.0-11ubuntu2)
End-Date: 2026-03-22  14:11:53

Start-Date: 2026-03-22  14:11:55
Commandline: apt-get install --reinstall libpam-modules-bin
Reinstall: libpam-modules-bin:amd64 (1.4.0-11ubuntu2)
End-Date: 2026-03-22  14:11:57

Start-Date: 2026-03-22  14:11:59
Commandline: apt-get install --reinstall libpam-runtime
Reinstall: libpam-runtime:amd64 (1.4.0-11ubuntu2)
End-Date: 2026-03-22  14:12:01

Start-Date: 2026-03-22  14:12:03
Commandline: apt-get install --reinstall libpam0g:amd64
Reinstall: libpam0g:amd64 (1.4.0-11ubuntu2)
End-Date: 2026-03-22  14:12:05

Start-Date: 2026-03-22  14:12:08
Commandline: apt-get install --reinstall libpcre2-8-0:amd64
Reinstall: libpcre2-8-0:amd64 (10.39-3build1)
End-Date: 2026-03-22  14:12:09

Start-Date: 2026-03-22  14:12:12
Commandline: apt-get install --reinstall libpcre3:amd64
Reinstall: libpcre3:amd64 (2:8.39-13build5)
End-Date: 2026-03-22  14:12:14

Start-Date: 2026-03-22  14:12:16
Commandline: apt-get install --reinstall libprocps8:amd64
Reinstall: libprocps8:amd64 (2:3.3.17-6ubuntu2)
End-Date: 2026-03-22  14:12:17

Start-Date: 2026-03-22  14:12:20
Commandline: apt-get install --reinstall libseccomp2:amd64
Reinstall: libseccomp2:amd64 (2.5.3-2ubuntu2)
End-Date: 2026-03-22  14:12:21

Start-Date: 2026-03-22  14:12:24
Commandline: apt-get install --reinstall libselinux1:amd64
Reinstall: libselinux1:amd64 (3.3-1build2)
End-Date: 2026-03-22  14:12:25

Start-Date: 2026-03-22  14:12:28
Commandline: apt-get install --reinstall libsemanage-common
Reinstall: libsemanage-common:amd64 (3.3-1build2)
End-Date: 2026-03-22  14:12:29

Start-Date: 2026-03-22  14:12:32
Commandline: apt-get install --reinstall libsemanage2:amd64
Reinstall: libsemanage2:amd64 (3.3-1build2)
End-Date: 2026-03-22  14:12:33

Start-Date: 2026-03-22  14:12:36
Commandline: apt-get install --reinstall libsepol2:amd64
Reinstall: libsepol2:amd64 (3.3-1build1)
End-Date: 2026-03-22  14:12:37

Start-Date: 2026-03-22  14:12:40
Commandline: apt-get install --reinstall libsmartcols1:amd64
Reinstall: libsmartcols1:amd64 (2.37.2-4ubuntu3)
End-Date: 2026-03-22  14:12:41

Start-Date: 2026-03-22  14:12:44
Commandline: apt-get install --reinstall libss2:amd64
Reinstall: libss2:amd64 (1.46.5-2ubuntu1)
End-Date: 2026-03-22  14:12:45

Start-Date: 2026-03-22  14:12:49
Commandline: apt-get install --reinstall libssl3:amd64
Reinstall: libssl3:amd64 (3.0.2-0ubuntu1)
End-Date: 2026-03-22  14:12:51

Start-Date: 2026-03-22  14:12:54
Commandline: apt-get install --reinstall libstdc++6:amd64
Reinstall: libstdc++6:amd64 (12-20220319-1ubuntu1)
End-Date: 2026-03-22  14:12:56

Start-Date: 2026-03-22  14:12:58
Commandline: apt-get install --reinstall libsystemd0:amd64
Reinstall: libsystemd0:amd64 (249.11-0ubuntu3)
End-Date: 2026-03-22  14:13:00

Start-Date: 2026-03-22  14:13:02
Commandline: apt-get install --reinstall libtasn1-6:amd64
Reinstall: libtasn1-6:amd64 (4.18.0-4build1)
End-Date: 2026-03-22  14:13:04

Start-Date: 2026-03-22  14:13:07
Commandline: apt-get install --reinstall libtinfo6:amd64
Reinstall: libtinfo6:amd64 (6.3-2)
End-Date: 2026-03-22  14:13:08

Start-Date: 2026-03-22  14:13:11
Commandline: apt-get install --reinstall libtirpc-common
Reinstall: libtirpc-common:amd64 (1.3.2-2build1)
End-Date: 2026-03-22  14:13:12

Start-Date: 2026-03-22  14:13:15
Commandline: apt-get install --reinstall libtirpc3:amd64
Reinstall: libtirpc3:amd64 (1.3.2-2build1)
End-Date: 2026-03-22  14:13:16

Start-Date: 2026-03-22  14:13:19
Commandline: apt-get install --reinstall libudev1:amd64
Reinstall: libudev1:amd64 (249.11-0ubuntu3)
End-Date: 2026-03-22  14:13:20

Start-Date: 2026-03-22  14:13:24
Commandline: apt-get install --reinstall libunistring2:amd64
Reinstall: libunistring2:amd64 (1.0-1)
End-Date: 2026-03-22  14:13:25

Start-Date: 2026-03-22  14:13:28
Commandline: apt-get install --reinstall libuuid1:amd64
Reinstall: libuuid1:amd64 (2.37.2-4ubuntu3)
End-Date: 2026-03-22  14:13:29

Start-Date: 2026-03-22  14:13:32
Commandline: apt-get install --reinstall libxxhash0:amd64
Reinstall: libxxhash0:amd64 (0.8.1-1)
End-Date: 2026-03-22  14:13:33

Start-Date: 2026-03-22  14:13:36
Commandline: apt-get install --reinstall libzstd1:amd64
Reinstall: libzstd1:amd64 (1.4.8+dfsg-3build1)
End-Date: 2026-03-22  14:13:38

Start-Date: 2026-03-22  14:13:40
Commandline: apt-get install --reinstall login
Reinstall: login:amd64 (1:4.8.1-2ubuntu2)
End-Date: 2026-03-22  14:13:42

Start-Date: 2026-03-22  14:13:44
Commandline: apt-get install --reinstall logsave
Reinstall: logsave:amd64 (1.46.5-2ubuntu1)
End-Date: 2026-03-22  14:13:46

Start-Date: 2026-03-22  14:13:48
Commandline: apt-get install --reinstall lsb-base
Reinstall: lsb-base:amd64 (11.1.0ubuntu4)
End-Date: 2026-03-22  14:13:50

Start-Date: 2026-03-22  14:13:52
Commandline: apt-get install --reinstall mawk
Reinstall: mawk:amd64 (1.3.4.20200120-3)
End-Date: 2026-03-22  14:13:53

Start-Date: 2026-03-22  14:13:56
Commandline: apt-get install --reinstall mount
Reinstall: mount:amd64 (2.37.2-4ubuntu3)
End-Date: 2026-03-22  14:13:57

Start-Date: 2026-03-22  14:14:00
Commandline: apt-get install --reinstall ncurses-base
Reinstall: ncurses-base:amd64 (6.3-2)
End-Date: 2026-03-22  14:14:01

Start-Date: 2026-03-22  14:14:04
Commandline: apt-get install --reinstall ncurses-bin
Reinstall: ncurses-bin:amd64 (6.3-2)
End-Date: 2026-03-22  14:14:06

Start-Date: 2026-03-22  14:14:09
Commandline: apt-get install --reinstall passwd
Reinstall: passwd:amd64 (1:4.8.1-2ubuntu2)
End-Date: 2026-03-22  14:14:11

Start-Date: 2026-03-22  14:14:15
Commandline: apt-get install --reinstall perl-base
Reinstall: perl-base:amd64 (5.34.0-3ubuntu1)
End-Date: 2026-03-22  14:14:17

Start-Date: 2026-03-22  14:14:20
Commandline: apt-get install --reinstall procps
Reinstall: procps:amd64 (2:3.3.17-6ubuntu2)
End-Date: 2026-03-22  14:14:22

Start-Date: 2026-03-22  14:14:24
Commandline: apt-get install --reinstall sed
Reinstall: sed:amd64 (4.8-1ubuntu2)
End-Date: 2026-03-22  14:14:26

Start-Date: 2026-03-22  14:14:28
Commandline: apt-get install --reinstall sensible-utils
Reinstall: sensible-utils:amd64 (0.0.17)
End-Date: 2026-03-22  14:14:29

Start-Date: 2026-03-22  14:14:32
Commandline: apt-get install --reinstall sysvinit-utils
Reinstall: sysvinit-utils:amd64 (3.01-1ubuntu1)
End-Date: 2026-03-22  14:14:33

Start-Date: 2026-03-22  14:14:36
Commandline: apt-get install --reinstall tar
Reinstall: tar:amd64 (1.34+dfsg-1build3)
End-Date: 2026-03-22  14:14:37

Start-Date: 2026-03-22  14:14:40
Commandline: apt-get install --reinstall ubuntu-keyring
Reinstall: ubuntu-keyring:amd64 (2021.03.26)
End-Date: 2026-03-22  14:14:41

Start-Date: 2026-03-22  14:14:44
Commandline: apt-get install --reinstall usrmerge
Reinstall: usrmerge:amd64 (25ubuntu2)
End-Date: 2026-03-22  14:14:45

Start-Date: 2026-03-22  14:14:50
Commandline: apt-get install --reinstall util-linux
Reinstall: util-linux:amd64 (2.37.2-4ubuntu3)
End-Date: 2026-03-22  14:14:52

Start-Date: 2026-03-22  14:14:55
Commandline: apt-get install --reinstall zlib1g:amd64
Reinstall: zlib1g:amd64 (1:1.2.11.dfsg-2ubuntu9)
End-Date: 2026-03-22  14:14:56

Start-Date: 2026-03-22  14:15:22
Commandline: apt-get --yes -oDebug::pkgDepCache::AutoInstall=yes --force-yes upgrade
Upgrade: dpkg:amd64 (1.21.1ubuntu2, 1.21.1ubuntu2.6), libsmartcols1:amd64 (2.37.2-4ubuntu3, 2.37.2-4ubuntu3.5), libpam-runtime:amd64 (1.4.0-11ubuntu2, 1.4.0-11ubuntu2.6), coreutils:amd64 (8.32-4.1ubuntu1, 8.32-4.1ubuntu1.3), libext2fs2:amd64 (1.46.5-2ubuntu1, 1.46.5-2ubuntu1.2), libgssapi-krb5-2:amd64 (1.19.2-2, 1.19.2-2ubuntu0.7), apt:amd64 (2.4.5, 2.4.14), libtinfo6:amd64 (6.3-2, 6.3-2ubuntu0.1), libtirpc-common:amd64 (1.3.2-2build1, 1.3.2-2ubuntu0.1), libpcre3:amd64 (2:8.39-13build5, 2:8.39-13ubuntu0.22.04.1), libtasn1-6:amd64 (4.18.0-4build1, 4.18.0-4ubuntu0.2), tar:amd64 (1.34+dfsg-1build3, 1.34+dfsg-1ubuntu0.1.22.04.2), libapt-pkg6.0:amd64 (2.4.5, 2.4.14), libsystemd0:amd64 (249.11-0ubuntu3, 249.11-0ubuntu3.17), libmount1:amd64 (2.37.2-4ubuntu3, 2.37.2-4ubuntu3.5), libkrb5support0:amd64 (1.19.2-2, 1.19.2-2ubuntu0.7), util-linux:amd64 (2.37.2-4ubuntu3, 2.37.2-4ubuntu3.5), libudev1:amd64 (249.11-0ubuntu3, 249.11-0ubuntu3.17), libcom-err2:amd64 (1.46.5-2ubuntu1, 1.46.5-2ubuntu1.2), libcap2:amd64 (1:2.44-1build3, 1:2.44-1ubuntu0.22.04.2), libc6:amd64 (2.35-0ubuntu3, 2.35-0ubuntu3.13), libssl3:amd64 (3.0.2-0ubuntu1, 3.0.2-0ubuntu1.21), libkrb5-3:amd64 (1.19.2-2, 1.19.2-2ubuntu0.7), libpam-modules:amd64 (1.4.0-11ubuntu2, 1.4.0-11ubuntu2.6), libuuid1:amd64 (2.37.2-4ubuntu3, 2.37.2-4ubuntu3.5), gpgv:amd64 (2.2.27-3ubuntu2, 2.2.27-3ubuntu2.5), bash:amd64 (5.1-6ubuntu1, 5.1-6ubuntu1.1), base-files:amd64 (12ubuntu4, 12ubuntu4.7), libk5crypto3:amd64 (1.19.2-2, 1.19.2-2ubuntu0.7), ncurses-base:amd64 (6.3-2, 6.3-2ubuntu0.1), gzip:amd64 (1.10-4ubuntu4, 1.10-4ubuntu4.1), login:amd64 (1:4.8.1-2ubuntu2, 1:4.8.1-2ubuntu2.2), libprocps8:amd64 (2:3.3.17-6ubuntu2, 2:3.3.17-6ubuntu2.1), libpcre2-8-0:amd64 (10.39-3build1, 10.39-3ubuntu0.1), libpam-modules-bin:amd64 (1.4.0-11ubuntu2, 1.4.0-11ubuntu2.6), libseccomp2:amd64 (2.5.3-2ubuntu2, 2.5.3-2ubuntu3~22.04.1), procps:amd64 (2:3.3.17-6ubuntu2, 2:3.3.17-6ubuntu2.1), mount:amd64 (2.37.2-4ubuntu3, 2.37.2-4ubuntu3.5), perl-base:amd64 (5.34.0-3ubuntu1, 5.34.0-3ubuntu1.5), libpam0g:amd64 (1.4.0-11ubuntu2, 1.4.0-11ubuntu2.6), libc-bin:amd64 (2.35-0ubuntu3, 2.35-0ubuntu3.13), libblkid1:amd64 (2.37.2-4ubuntu3, 2.37.2-4ubuntu3.5), libgnutls30:amd64 (3.7.3-4ubuntu1, 3.7.3-4ubuntu1.8), logsave:amd64 (1.46.5-2ubuntu1, 1.46.5-2ubuntu1.2), libncursesw6:amd64 (6.3-2, 6.3-2ubuntu0.1), ncurses-bin:amd64 (6.3-2, 6.3-2ubuntu0.1), zlib1g:amd64 (1:1.2.11.dfsg-2ubuntu9, 1:1.2.11.dfsg-2ubuntu9.2), gcc-12-base:amd64 (12-20220319-1ubuntu1, 12.3.0-1ubuntu1~22.04.3), libtirpc3:amd64 (1.3.2-2build1, 1.3.2-2ubuntu0.1), bsdutils:amd64 (1:2.37.2-4ubuntu3, 1:2.37.2-4ubuntu3.5), libss2:amd64 (1.46.5-2ubuntu1, 1.46.5-2ubuntu1.2), libstdc++6:amd64 (12-20220319-1ubuntu1, 12.3.0-1ubuntu1~22.04.3), libncurses6:amd64 (6.3-2, 6.3-2ubuntu0.1), e2fsprogs:amd64 (1.46.5-2ubuntu1, 1.46.5-2ubuntu1.2), passwd:amd64 (1:4.8.1-2ubuntu2, 1:4.8.1-2ubuntu2.2), libgcc-s1:amd64 (12-20220319-1ubuntu1, 12.3.0-1ubuntu1~22.04.3)
End-Date: 2026-03-22  14:15:28

Start-Date: 2026-04-14  12:37:04
Commandline: apt-get install -y openssh-server python3 sudo curl vim nano
Install: lsb-release:amd64 (11.1.0ubuntu4, automatic), libwrap0:amd64 (7.6.q-31build2, automatic), libcurl4:amd64 (7.81.0-1ubuntu1.23, automatic), networkd-dispatcher:amd64 (2.1-2ubuntu0.22.04.2, automatic), ssh-import-id:amd64 (5.11-0ubuntu1, automatic), python3.10:amd64 (3.10.12-1~22.04.15, automatic), python3-gi:amd64 (3.42.1-0ubuntu1, automatic), readline-common:amd64 (8.1.2-1, automatic), libnghttp2-14:amd64 (1.43.0-1ubuntu0.2, automatic), openssh-client:amd64 (1:8.9p1-3ubuntu0.14, automatic), libssh-4:amd64 (0.9.6-2ubuntu0.22.04.7, automatic), systemd-timesyncd:amd64 (249.11-0ubuntu3.20, automatic), libldap-common:amd64 (2.5.20+dfsg-0ubuntu0.22.04.1, automatic), python3-minimal:amd64 (3.10.6-1~22.04.1, automatic), libpam-systemd:amd64 (249.11-0ubuntu3.20, automatic), libmpdec3:amd64 (2.5.1-2build2, automatic), ucf:amd64 (3.0043, automatic), vim:amd64 (2:8.2.3995-1ubuntu2.27), gir1.2-glib-2.0:amd64 (1.72.0-1, automatic), libsasl2-modules:amd64 (2.1.27+dfsg2-3ubuntu1.2, automatic), libsasl2-2:amd64 (2.1.27+dfsg2-3ubuntu1.2, automatic), xxd:amd64 (2:8.2.3995-1ubuntu2.27, automatic), libexpat1:amd64 (2.4.7-1ubuntu0.7, automatic), libpython3.10-minimal:amd64 (3.10.12-1~22.04.15, automatic), libxmuu1:amd64 (2:1.1.3-3, automatic), libfido2-1:amd64 (1.10.0-1, automatic), python3-distro:amd64 (1.7.0-1, automatic), libpython3.10-stdlib:amd64 (3.10.12-1~22.04.15, automatic), librtmp1:amd64 (2.4+20151223.gitfa8646d.1-2build4, automatic), libgpm2:amd64 (1.20.7-10build1, automatic), vim-common:amd64 (2:8.2.3995-1ubuntu2.27, automatic), libip4tc2:amd64 (1.8.7-1ubuntu5.2, automatic), libxau6:amd64 (1:1.0.9-1build5, automatic), libnss-systemd:amd64 (249.11-0ubuntu3.20, automatic), libxcb1:amd64 (1.14-3ubuntu3, automatic), libapparmor1:amd64 (3.0.4-2ubuntu2.5, automatic), python3:amd64 (3.10.6-1~22.04.1), openssh-server:amd64 (1:8.9p1-3ubuntu0.14), libdbus-1-3:amd64 (1.12.20-2ubuntu4.1, automatic), libsasl2-modules-db:amd64 (2.1.27+dfsg2-3ubuntu1.2, automatic), libxml2:amd64 (2.9.13+dfsg-1ubuntu0.11, automatic), libglib2.0-data:amd64 (2.72.4-0ubuntu2.9, automatic), libbsd0:amd64 (0.11.5-1, automatic), libldap-2.5-0:amd64 (2.5.20+dfsg-0ubuntu0.22.04.1, automatic), systemd:amd64 (249.11-0ubuntu3.20, automatic), wget:amd64 (1.21.2-2ubuntu1.1, automatic), shared-mime-info:amd64 (2.1-2, automatic), libreadline8:amd64 (8.1.2-1, automatic), publicsuffix:amd64 (20211207.1025-1, automatic), libx11-data:amd64 (2:1.7.5-1ubuntu0.3, automatic), libgirepository-1.0-1:amd64 (1.72.0-1, automatic), libsodium23:amd64 (1.0.18-1ubuntu0.22.04.1, automatic), xdg-user-dirs:amd64 (0.17-2ubuntu4, automatic), xauth:amd64 (1:1.1-1build2, automatic), libpython3.10:amd64 (3.10.12-1~22.04.15, automatic), media-types:amd64 (7.0.0, automatic), dmsetup:amd64 (2:1.02.175-2.1ubuntu5, automatic), libsqlite3-0:amd64 (3.37.2-2ubuntu0.5, automatic), libjson-c5:amd64 (0.15-3~ubuntu1.22.04.2, automatic), libcryptsetup12:amd64 (2:2.4.3-1ubuntu1.3, automatic), distro-info-data:amd64 (0.52ubuntu0.11, automatic), vim-runtime:amd64 (2:8.2.3995-1ubuntu2.27, automatic), ca-certificates:amd64 (20240203~22.04.1, automatic), libpython3-stdlib:amd64 (3.10.6-1~22.04.1, automatic), libglib2.0-0:amd64 (2.72.4-0ubuntu2.9, automatic), openssh-sftp-server:amd64 (1:8.9p1-3ubuntu0.14, automatic), nano:amd64 (6.2-1ubuntu0.1), libbrotli1:amd64 (1.0.9-2build6, automatic), sudo:amd64 (1.9.9-1ubuntu2.6), libkmod2:amd64 (29-1ubuntu1, automatic), libxext6:amd64 (2:1.3.4-1build1, automatic), systemd-sysv:amd64 (249.11-0ubuntu3.20, automatic), curl:amd64 (7.81.0-1ubuntu1.23), libargon2-1:amd64 (0~20171227-0.3, automatic), libcbor0.8:amd64 (0.8.0-2ubuntu1, automatic), python3.10-minimal:amd64 (3.10.12-1~22.04.15, automatic), libx11-6:amd64 (2:1.7.5-1ubuntu0.3, automatic), python3-dbus:amd64 (1.2.18-3build1, automatic), libmd0:amd64 (1.0.4-1build1, automatic), ncurses-term:amd64 (6.3-2ubuntu0.1, automatic), dbus:amd64 (1.12.20-2ubuntu4.1, automatic), libedit2:amd64 (3.1-20210910-1build1, automatic), libicu70:amd64 (70.1-2, automatic), libdevmapper1.02.1:amd64 (2:1.02.175-2.1ubuntu5, automatic), libpsl5:amd64 (0.21.0-1.2build2, automatic), libxdmcp6:amd64 (1:1.1.3-0ubuntu5, automatic), openssl:amd64 (3.0.2-0ubuntu1.23, automatic)
Upgrade: libsystemd0:amd64 (249.11-0ubuntu3.17, 249.11-0ubuntu3.20)
End-Date: 2026-04-14  12:37:21
